<dataset>
    <pm_cycle
            uuid="10000000-0000-0000-0000-000000000000"
            entry_config_key="entry_config_key"
            template_uuid="d1810821-d1a9-48b5-9745-d0841151911f"
            name="updated_name"
            status_id="4"
            type_id="1"
            created_by="10000000-0000-0000-0000-000000000002"
            creation_time="2021-09-20 10:45:12.448057"
            start_time="2021-09-20 10:45:12.448057"
            end_time="2021-09-21 10:45:12.448057"
    />
</dataset>